Ôû▓ Next.js 16.1.6 (Turbopack)
- Environments: .env.local
- Experiments (use with caution):
  ┬À clientTraceMetadata
  Ô£ô optimizeCss

  Creating an optimized production build ...
Turbopack build encountered 2 warnings:
./node_modules/bullmq/dist/esm/classes
Package ioredis can't be external
The request ioredis/built/utils matches serverExternalPackages (or the default list).
The request could not be resolved by Node.js from the importing module. The way Node.js resolves modules is slightly different from the way Next.js resolves modules. Next.js was able to resolve it, while Node.js would not be able to.
Try to remove this package from serverExternalPackages.
Or update the import side to use a compatible request that can be resolved by Node.js.


./node_modules/bullmq/dist/esm/utils
Package ioredis can't be external
The request ioredis/built/utils matches serverExternalPackages (or the default list).
The request could not be resolved by Node.js from the importing module. The way Node.js resolves modules is slightly different from the way Next.js resolves modules. Next.js was able to resolve it, while Node.js would not be able to.
Try to remove this package from serverExternalPackages.
Or update the import side to use a compatible request that can be resolved by Node.js.


Ô£ô Compiled successfully in 11.3s
  Running next.config.js provided runAfterProductionCompile ...
Ô£ô Completed runAfterProductionCompile in 13095ms
  Running TypeScript ...
  Collecting page data using 15 workers ...
  Generating static pages using 15 workers (0/73) ...
  Generating static pages using 15 workers (18/73) 
  Generating static pages using 15 workers (36/73) 
  Generating static pages using 15 workers (54/73) 
Ô£ô Generating static pages using 15 workers (73/73) in 583.3ms
  Finalizing page optimization ...

Route (app)
Ôöî Ôùï /_not-found
Ôö£ ãÆ /[locale]
Ôö£ ãÆ /[locale]/account
Ôö£ ãÆ /[locale]/admin
Ôö£ ãÆ /[locale]/admin/orders
Ôö£ ãÆ /[locale]/admin/products
Ôö£ ãÆ /[locale]/auth/callback
Ôö£ ãÆ /[locale]/auth/reset-password
Ôö£ ãÆ /[locale]/cart
Ôö£ ãÆ /[locale]/checkout
Ôö£ ãÆ /[locale]/forgot-password
Ôö£ ãÆ /[locale]/gift-cards
Ôö£ ãÆ /[locale]/gift-cards/success
Ôö£ ãÆ /[locale]/login
Ôö£ ãÆ /[locale]/loyalty
Ôö£ ãÆ /[locale]/orders
Ôö£ ãÆ /[locale]/orders/[id]
Ôö£ ãÆ /[locale]/orders/success
Ôö£ ãÆ /[locale]/privacy
Ôö£ ãÆ /[locale]/products
Ôö£ ãÆ /[locale]/products/[slug]
Ôö£ ãÆ /[locale]/referrals
Ôö£ ãÆ /[locale]/register
Ôö£ ãÆ /[locale]/sentry-example-page
Ôö£ ãÆ /[locale]/stores
Ôö£ ãÆ /[locale]/subscriptions
Ôö£ ãÆ /[locale]/terms
Ôö£ ãÆ /api/admin/queues
Ôö£ ãÆ /api/admin/reviews
Ôö£ ãÆ /api/auth/callback
Ôö£ ãÆ /api/auth/me
Ôö£ ãÆ /api/checkout
Ôö£ ãÆ /api/checkout/gift-card
Ôö£ ãÆ /api/checkout/validate-promo
Ôö£ ãÆ /api/cron/cleanup
Ôö£ ãÆ /api/email/gift-card
Ôö£ ãÆ /api/email/send
Ôö£ ãÆ /api/health
Ôö£ ãÆ /api/products
Ôö£ ãÆ /api/products/search
Ôö£ ãÆ /api/reviews
Ôö£ ãÆ /api/sentry-example-api
Ôö£ ãÆ /api/stores
Ôö£ ãÆ /api/user/delete
Ôö£ ãÆ /api/user/export
Ôö£ ãÆ /api/vitals
Ôö£ ãÆ /api/webhooks/stripe
Ôö£ Ôùï /offline
Ôö£ Ôùï /robots.txt
Ôöö Ôùï /sitemap.xml


Ôùï  (Static)   prerendered as static content
ãÆ  (Dynamic)  server-rendered on demand

